C51 COMPILER V9.59.0.0   SOURCE                                                            05/20/2019 08:42:27 PAGE 1   


C51 COMPILER V9.59.0.0, COMPILATION OF MODULE SOURCE
OBJECT MODULE PLACED IN .\Objects\source.obj
COMPILER INVOKED BY: D:\Program Files\Keil-C51\C51\BIN\C51.EXE source.c OPTIMIZE(8,SPEED) BROWSE DEBUG OBJECTEXTEND PRIN
                    -T(.\Listings\source.lst) TABS(2) OBJECT(.\Objects\source.obj)

line level    source

   1          #include <stdio.h>
   2          #include "lcd.h"
   3          #include"i2c1.h"
   4          #include "i2c.h"
   5          #include "uart.h"
   6          #include "delay.h"
   7          #include "BH-1750.h"
   8          
   9          unsigned long lux_value = 0;
  10          char str[6];
  11          unsigned char flag=0;
  12          
  13          void Update_Lux();
  14          void BLE() interrupt 4{
  15   1        if(TI==1){
  16   2          TI=0;
  17   2          return;
  18   2        }else{
  19   2          IE=0;
  20   2          flag=SBUF;
  21   2          if(flag==101){
  22   3            Update_Lux();
  23   3          }else if(0<=flag&&flag<=255){
  24   3              I2C_Start1();
  25   3              I2C_Write1(flag);
  26   3              I2C_Stop1();
  27   3              sprintf(str,"%03d",(int)flag);
  28   3              LCD_CMDWrite(0xCB);
  29   3              LCD_DisplayString(str);
  30   3          }
  31   2          RI=0;
  32   2          IE=0x90;
  33   2          return;
  34   2        }
  35   1      }
  36          void Update_Lux(){
  37   1            lux_value = get_lux_value(cont_L_res_mode,20);
  38   1            sprintf(str,"%06lu",lux_value);
  39   1            LCD_CMDWrite(0x87);
  40   1            LCD_DisplayString(str);
  41   1            sprintf(str,"%06lu\r\n",lux_value);
  42   1            UART_TxString(str);
  43   1      }
  44          
  45          void main(){
  46   1        unsigned char i=0;
  47   1        UART_Init(0xFD);
  48   1        LCD_Init();
  49   1        I2C_Init();
  50   1        I2C_Init1();
  51   1        BH1750_init();
  52   1        LCD_CMDWrite(0x80);
  53   1        LCD_DisplayString("Lux:");
  54   1        IE=0x90;
C51 COMPILER V9.59.0.0   SOURCE                                                            05/20/2019 08:42:27 PAGE 2   

  55   1          while(1){
  56   2          }
  57   1        }


MODULE INFORMATION:   STATIC OVERLAYABLE
   CODE SIZE        =    293    ----
   CONSTANT SIZE    =     24    ----
   XDATA SIZE       =   ----    ----
   PDATA SIZE       =   ----    ----
   DATA SIZE        =     11       1
   IDATA SIZE       =   ----    ----
   BIT SIZE         =   ----    ----
END OF MODULE INFORMATION.


C51 COMPILATION COMPLETE.  0 WARNING(S),  0 ERROR(S)
